------------------------------------------------------------
TimeQuest Timing Analyzer Summary
------------------------------------------------------------

Type  : Slow 1100mV 85C Model Setup 'clk'
Slack : -8.729
TNS   : -4305.154

Type  : Slow 1100mV 85C Model Hold 'clk'
Slack : 0.486
TNS   : 0.000

Type  : Slow 1100mV 85C Model Minimum Pulse Width 'clk'
Slack : -3.545
TNS   : -4404.018

Type  : Slow 1100mV 0C Model Setup 'clk'
Slack : -8.359
TNS   : -4244.860

Type  : Slow 1100mV 0C Model Hold 'clk'
Slack : 0.510
TNS   : 0.000

Type  : Slow 1100mV 0C Model Minimum Pulse Width 'clk'
Slack : -3.545
TNS   : -4400.371

Type  : Fast 1100mV 85C Model Setup 'clk'
Slack : -3.475
TNS   : -1472.644

Type  : Fast 1100mV 85C Model Hold 'clk'
Slack : 0.178
TNS   : 0.000

Type  : Fast 1100mV 85C Model Minimum Pulse Width 'clk'
Slack : -2.174
TNS   : -2672.710

Type  : Fast 1100mV 0C Model Setup 'clk'
Slack : -2.950
TNS   : -1270.921

Type  : Fast 1100mV 0C Model Hold 'clk'
Slack : 0.171
TNS   : 0.000

Type  : Fast 1100mV 0C Model Minimum Pulse Width 'clk'
Slack : -2.174
TNS   : -2673.518

------------------------------------------------------------
